Microchip MPLAB XC8 Compiler V1.38 ()

Linker command line:

-W-3 --edf=C:\Program Files (x86)\Microchip\xc8\v1.38\dat\en_msgs.txt -cs \
  -h+dist/default/production\ESP8266_with_PIC.X.production.sym \
  --cmf=dist/default/production\ESP8266_with_PIC.X.production.cmf -z \
  -Q16F877A -oC:\Users\Aswinth\AppData\Local\Temp\s5b8.2 \
  -Mdist/default/production/ESP8266_with_PIC.X.production.map -E1 -ver=XC8 \
  -ASTACK=0110h-016fh -pstack=STACK -ACODE=00h-07FFhx4 -ASTRCODE=00h-01FFFh \
  -ASTRING=00h-0FFhx32 -ACONST=00h-0FFhx32 -AENTRY=00h-0FFhx32 \
  -ACOMMON=070h-07Fh -ABANK0=020h-06Fh -ABANK1=0A0h-0EFh \
  -ABANK2=0110h-016Fh -ABANK3=0190h-01EFh \
  -ARAM=020h-06Fh,0A0h-0EFh,0110h-016Fh,0190h-01EFh \
  -AABS1=020h-07Fh,0A0h-0EFh,0110h-016Fh,0190h-01EFh -ASFR0=00h-01Fh \
  -ASFR1=080h-09Fh -ASFR2=0100h-010Fh -ASFR3=0180h-018Fh \
  -preset_vec=00h,intentry,init,end_init -ppowerup=CODE -pcinit=CODE \
  -pfunctab=CODE -ACONFIG=02007h-02007h -pconfig=CONFIG -DCONFIG=2 \
  -AIDLOC=02000h-02003h -pidloc=IDLOC -DIDLOC=2 -AEEDATA=00h-0FFh/02100h \
  -peeprom_data=EEDATA -DEEDATA=2 -DCODE=2 -DSTRCODE=2 -DSTRING=2 -DCONST=2 \
  -DENTRY=2 -k C:\Users\Aswinth\AppData\Local\Temp\s5b8.obj \
  dist/default/production\ESP8266_with_PIC.X.production.obj 

Object code version is 3.11

Machine type is 16F877A



                Name                               Link     Load   Length Selector   Space Scale
C:\Users\Aswinth\AppData\Local\Temp\s5b8.obj
                end_init                              0        0        3        0       0
                config                             2007     2007        1     400E       0
dist/default/production\ESP8266_with_PIC.X.production.obj
                cinit                               7E8      7E8       18      FD0       0
                text15                              44B      44B       18      896       0
                text14                              463      463       1A      8C6       0
                text13                              47D      47D       1A      8FA       0
                text12                              40E      40E        B      81C       0
                text11                              594      594       71      B28       0
                text10                              509      509       41      A12       0
                text9                               54A      54A       4A      A94       0
                text8                               605      605       74      C0A       0
                text7                               3F4      3F4        8      7E8       0
                text6                               4B5      4B5       23      96A       0
                text5                               404      404        A      808       0
                text4                               679      679       96      CF2       0
                text3                               4D8      4D8       31      9B0       0
                text2                               436      436       15      86C       0
                text1                               497      497       1E      92E       0
                maintext                            70F      70F       D9      E1E       0
                cstackBANK0                          20       20       19       20       1
                cstackCOMMON                         70       70        E       70       1
                clrtext                             3FC      3FC        8      7F8       0
                inittext                            425      425       11      84A       0
                dataBANK0                            4A       4A        C       20       1
                bssBANK0                             39       39       11       20       1
                stringtext                          800      800      161       10       0
                idataBANK0                          419      419        C      832       0

TOTAL           Name                               Link     Load   Length     Space
        CLASS   STACK          

        CLASS   CODE           
                end_init                              0        0        3         0
                cinit                               7E8      7E8       18         0
                text15                              44B      44B       18         0
                text14                              463      463       1A         0
                text13                              47D      47D       1A         0
                text12                              40E      40E        B         0
                text11                              594      594       71         0
                text10                              509      509       41         0
                text9                               54A      54A       4A         0
                text8                               605      605       74         0
                text7                               3F4      3F4        8         0
                text6                               4B5      4B5       23         0
                text5                               404      404        A         0
                text4                               679      679       96         0
                text3                               4D8      4D8       31         0
                text2                               436      436       15         0
                text1                               497      497       1E         0
                maintext                            70F      70F       D9         0
                clrtext                             3FC      3FC        8         0
                inittext                            425      425       11         0
                idataBANK0                          419      419        C         0

        CLASS   STRCODE        
                stringtext                          800      800      161         0

        CLASS   STRING         

        CLASS   CONST          

        CLASS   ENTRY          

        CLASS   COMMON         
                cstackCOMMON                         70       70        E         1

        CLASS   BANK0          
                cstackBANK0                          20       20       19         1
                dataBANK0                            4A       4A        C         1
                bssBANK0                             39       39       11         1

        CLASS   BANK1          

        CLASS   BANK2          

        CLASS   BANK3          

        CLASS   RAM            

        CLASS   ABS1           
                abs_s1                               7E       7E        2         1

        CLASS   SFR0           

        CLASS   SFR1           

        CLASS   SFR2           

        CLASS   SFR3           

        CLASS   CONFIG         
                config                             2007     2007        1         0

        CLASS   IDLOC          

        CLASS   EEDATA         



SEGMENTS        Name                           Load    Length   Top    Selector   Space  Class     Delta

                reset_vec                      000000  000003  000003         0       0  CODE        2
                cstackBANK0                    000020  000036  000056        20       1  BANK0       1
                cstackCOMMON                   000070  00000E  00007E        70       1  COMMON      1
                text7                          0003F4  000008  0003FC       7E8       0  CODE        2
                clrtext                        0003FC  000008  000404       7F8       0  CODE        2
                text5                          000404  00000A  00040E       808       0  CODE        2
                text12                         00040E  00000B  000419       81C       0  CODE        2
                idataBANK0                     000419  00000C  000425       832       0  CODE        2
                inittext                       000425  000011  000436       84A       0  CODE        2
                text2                          000436  000015  00044B       86C       0  CODE        2
                text15                         00044B  000018  000463       896       0  CODE        2
                text14                         000463  00001A  00047D       8C6       0  CODE        2
                text13                         00047D  00001A  000497       8FA       0  CODE        2
                text1                          000497  00001E  0004B5       92E       0  CODE        2
                text6                          0004B5  000023  0004D8       96A       0  CODE        2
                text3                          0004D8  000031  000509       9B0       0  CODE        2
                text10                         000509  000041  00054A       A12       0  CODE        2
                text9                          00054A  00004A  000594       A94       0  CODE        2
                text11                         000594  000071  000605       B28       0  CODE        2
                text8                          000605  000074  000679       C0A       0  CODE        2
                text4                          000679  000096  00070F       CF2       0  CODE        2
                maintext                       00070F  0000D9  0007E8       E1E       0  CODE        2
                cinit                          0007E8  000018  000800       FD0       0  CODE        2
                stringtext                     000800  000161  000961        10       0  STRCODE     2
                config                         002007  000001  002008      400E       0  CONFIG      2


UNUSED ADDRESS RANGES

        Name                Unused          Largest block    Delta
        BANK0            0056-006F             1A           1
        BANK1            00A0-00EF             50           1
        BANK2            0110-016F             60           1
        BANK3            0190-01EF             60           1
        CODE             0003-03F3            3F1           2
                         0961-1FFF            800
        CONST            0003-03F3            100           2
                         0961-1FFF            100
        EEDATA           2100-21FF            100           2
        ENTRY            0003-03F3            100           2
                         0961-1FFF            100
        IDLOC            2000-2003              4           2
        RAM              0056-006F             1A           1
                         00A0-00EF             50
                         0110-016F             60
                         0190-01EF             60
        SFR0             0000-001F             20           1
        SFR1             0080-009F             20           1
        SFR2             0100-010F             10           1
        SFR3             0180-018F             10           1
        STACK            0110-016F             60           1
        STRCODE          0003-03F3            3F1           2
                         0961-1FFF           169F
        STRING           0003-03F3            100           2
                         0961-1FFF            100

                                  Symbol Table

Lcd_Cmd@a                                cstackCOMMON 0073
Lcd_Print_Char@Lower_Nibble              cstackCOMMON 0072
Lcd_Print_Char@Upper_Nibble              cstackCOMMON 0073
Lcd_Print_Char@data                      cstackCOMMON 0074
Lcd_Print_Char@i                         cstackCOMMON 0075
Lcd_Print_Char@i_216                     cstackCOMMON 0077
Lcd_Print_String@a                       cstackCOMMON 0079
Lcd_Print_String@i                       cstackBANK0  0020
Lcd_SetBit@data_bit                      cstackCOMMON 0070
Lcd_Set_Cursor@a                         cstackCOMMON 0077
Lcd_Set_Cursor@b                         cstackCOMMON 0074
Lcd_Set_Cursor@temp                      cstackCOMMON 007A
Lcd_Set_Cursor@y                         cstackCOMMON 0079
Lcd_Set_Cursor@z                         cstackCOMMON 0078
Lcd_Start@i                              cstackCOMMON 0076
_BRGH                                    (abs)        04C2
_CREN                                    (abs)        00C4
_Initialize_ESP8266                      text15       044B
_Lcd_Clear                               text12       040E
_Lcd_Cmd                                 text13       047D
_Lcd_Print_Char                          text11       0594
_Lcd_Print_String                        text10       0509
_Lcd_SetBit                              text14       0463
_Lcd_Set_Cursor                          text9        054A
_Lcd_Start                               text8        0605
_OERR                                    (abs)        00C1
_RCIF                                    (abs)        0065
_RCREG                                   (abs)        001A
_RD2                                     (abs)        0042
_RD3                                     (abs)        0043
_RD4                                     (abs)        0044
_RD5                                     (abs)        0045
_RD6                                     (abs)        0046
_RD7                                     (abs)        0047
_RX9                                     (abs)        00C6
_SPBRG                                   (abs)        0099
_SPEN                                    (abs)        00C7
_SYNC                                    (abs)        04C4
_TRISC6                                  (abs)        043E
_TRISC7                                  (abs)        043F
_TRISD                                   (abs)        0088
_TX9                                     (abs)        04C6
_TXEN                                    (abs)        04C5
_TXIF                                    (abs)        0064
_TXREG                                   (abs)        0019
__CFG_BOREN$ON                           (abs)        0000
__CFG_CP$OFF                             (abs)        0000
__CFG_CPD$OFF                            (abs)        0000
__CFG_FOSC$HS                            (abs)        0000
__CFG_LVP$OFF                            (abs)        0000
__CFG_PWRTE$OFF                          (abs)        0000
__CFG_WDTE$OFF                           (abs)        0000
__CFG_WRT$OFF                            (abs)        0000
__Habs1                                  abs1         0000
__Hbank0                                 bank0        0000
__Hbank1                                 bank1        0000
__Hbank2                                 bank2        0000
__Hbank3                                 bank3        0000
__HbssBANK0                              bssBANK0     0000
__Hcinit                                 cinit        0800
__Hclrtext                               clrtext      0000
__Hcode                                  code         0000
__Hcommon                                common       0000
__Hconfig                                config       2008
__HcstackBANK0                           cstackBANK0  0000
__HcstackCOMMON                          cstackCOMMON 0000
__HdataBANK0                             dataBANK0    0000
__Heeprom_data                           eeprom_data  0000
__Hend_init                              end_init     0003
__Hfunctab                               functab      0000
__HidataBANK0                            idataBANK0   0000
__Hidloc                                 idloc        0000
__Hinit                                  init         0000
__Hinittext                              inittext     0000
__Hintentry                              intentry     0000
__Hmaintext                              maintext     0000
__Hpowerup                               powerup      0000
__Hram                                   ram          0000
__Hreset_vec                             reset_vec    0000
__Hsfr0                                  sfr0         0000
__Hsfr1                                  sfr1         0000
__Hsfr2                                  sfr2         0000
__Hsfr3                                  sfr3         0000
__Hspace_0                               (abs)        2008
__Hspace_1                               (abs)        007E
__Hspace_2                               (abs)        0000
__Hspace_3                               (abs)        0000
__Hstack                                 stack        0000
__Hstrings                               strings      0000
__Hstringtext                            stringtext   0000
__Htext                                  text         0000
__Labs1                                  abs1         0000
__Lbank0                                 bank0        0000
__Lbank1                                 bank1        0000
__Lbank2                                 bank2        0000
__Lbank3                                 bank3        0000
__LbssBANK0                              bssBANK0     0000
__Lcinit                                 cinit        07E8
__Lclrtext                               clrtext      0000
__Lcode                                  code         0000
__Lcommon                                common       0000
__Lconfig                                config       2007
__LcstackBANK0                           cstackBANK0  0000
__LcstackCOMMON                          cstackCOMMON 0000
__LdataBANK0                             dataBANK0    0000
__Leeprom_data                           eeprom_data  0000
__Lend_init                              end_init     0000
__Lfunctab                               functab      0000
__LidataBANK0                            idataBANK0   0000
__Lidloc                                 idloc        0000
__Linit                                  init         0000
__Linittext                              inittext     0000
__Lintentry                              intentry     0000
__Lmaintext                              maintext     0000
__Lpowerup                               powerup      0000
__Lram                                   ram          0000
__Lreset_vec                             reset_vec    0000
__Lsfr0                                  sfr0         0000
__Lsfr1                                  sfr1         0000
__Lsfr2                                  sfr2         0000
__Lsfr3                                  sfr3         0000
__Lspace_0                               (abs)        0000
__Lspace_1                               (abs)        0000
__Lspace_2                               (abs)        0000
__Lspace_3                               (abs)        0000
__Lstack                                 stack        0000
__Lstrings                               strings      0000
__Lstringtext                            stringtext   0000
__Ltext                                  text         0000
__S0                                     (abs)        2008
__S1                                     (abs)        007E
__S2                                     (abs)        0000
__S3                                     (abs)        0000
___int_sp                                stack        0000
___latbits                               (abs)        0002
___sp                                    stack        0000
__end_of_Initialize_ESP8266              text15       0463
__end_of_Lcd_Clear                       text12       0419
__end_of_Lcd_Cmd                         text13       0497
__end_of_Lcd_Print_Char                  text11       0605
__end_of_Lcd_Print_String                text10       054A
__end_of_Lcd_SetBit                      text14       047D
__end_of_Lcd_Set_Cursor                  text9        0594
__end_of_Lcd_Start                       text8        0679
__end_of__esp8266_getch                  text5        040E
__end_of__esp8266_print                  text6        04D8
__end_of__esp8266_putch                  text7        03FC
__end_of__esp8266_waitResponse           text4        070F
__end_of__esp8266_waitResponse@lengths   stringtext   0822
__end_of__esp8266_waitResponse@responses stringtext   0828
__end_of__initialization                 cinit        07FC
__end_of__stringtab                      stringtext   0812
__end_of_dpowers                         stringtext   081C
__end_of_esp8266_config_softAP           text3        0509
__end_of_esp8266_isStarted               text2        044B
__end_of_esp8266_mode                    text1        04B5
__end_of_main                            maintext     07E8
__esp8266_getch                          text5        0404
__esp8266_print                          text6        04B5
__esp8266_print@ptr                      cstackCOMMON 0071
__esp8266_putch                          text7        03F4
__esp8266_putch@bt                       cstackCOMMON 0070
__esp8266_waitResponse                   text4        0679
__esp8266_waitResponse@F1357             bssBANK0     0039
__esp8266_waitResponse@F1360             dataBANK0    004A
__esp8266_waitResponse@continue_loop     cstackBANK0  0034
__esp8266_waitResponse@i                 cstackBANK0  0035
__esp8266_waitResponse@lengths           stringtext   081C
__esp8266_waitResponse@received          cstackBANK0  0032
__esp8266_waitResponse@response          cstackBANK0  0033
__esp8266_waitResponse@responses         stringtext   0822
__esp8266_waitResponse@so_far            cstackBANK0  002C
__esp8266_waitResponse@strings           cstackBANK0  0020
__initialization                         cinit        07E8
__pbssBANK0                              bssBANK0     0039
__pcstackBANK0                           cstackBANK0  0020
__pcstackCOMMON                          cstackCOMMON 0070
__pdataBANK0                             dataBANK0    004A
__pidataBANK0                            idataBANK0   0419
__pmaintext                              maintext     070F
__pstringtext                            stringtext   0800
__ptext1                                 text1        0497
__ptext10                                text10       0509
__ptext11                                text11       0594
__ptext12                                text12       040E
__ptext13                                text13       047D
__ptext14                                text14       0463
__ptext15                                text15       044B
__ptext2                                 text2        0436
__ptext3                                 text3        04D8
__ptext4                                 text4        0679
__ptext5                                 text5        0404
__ptext6                                 text6        04B5
__ptext7                                 text7        03F4
__ptext8                                 text8        0605
__ptext9                                 text9        054A
__size_of_Initialize_ESP8266             (abs)        0000
__size_of_Lcd_Clear                      (abs)        0000
__size_of_Lcd_Cmd                        (abs)        0000
__size_of_Lcd_Print_Char                 (abs)        0000
__size_of_Lcd_Print_String               (abs)        0000
__size_of_Lcd_SetBit                     (abs)        0000
__size_of_Lcd_Set_Cursor                 (abs)        0000
__size_of_Lcd_Start                      (abs)        0000
__size_of__esp8266_getch                 (abs)        0000
__size_of__esp8266_print                 (abs)        0000
__size_of__esp8266_putch                 (abs)        0000
__size_of__esp8266_waitResponse          (abs)        0000
__size_of_esp8266_config_softAP          (abs)        0000
__size_of_esp8266_isStarted              (abs)        0000
__size_of_esp8266_mode                   (abs)        0000
__size_of_main                           (abs)        0000
__stringbase                             stringtext   0812
__stringtab                              stringtext   0800
_dpowers                                 stringtext   0812
_esp8266_config_softAP                   text3        04D8
_esp8266_isStarted                       text2        0436
_esp8266_mode                            text1        0497
_main                                    maintext     070F
btemp                                    (abs)        007E
clear_ram0                               clrtext      03FC
end_of_initialization                    cinit        07FC
esp8266_config_softAP@softpass           cstackCOMMON 0076
esp8266_config_softAP@softssid           cstackCOMMON 0074
esp8266_mode@mode                        cstackCOMMON 0074
esp8266_send@F1341                       bssBANK0     003F
esp8266_start@F1338                      bssBANK0     0045
init_fetch0                              inittext     0425
init_ram0                                inittext     0429
intlevel0                                functab      0000
intlevel1                                functab      0000
intlevel2                                functab      0000
intlevel3                                functab      0000
intlevel4                                functab      0000
intlevel5                                functab      0000
ltemp                                    (abs)        007E
ltemp0                                   (abs)        007E
ltemp1                                   (abs)        0082
ltemp2                                   (abs)        0086
ltemp3                                   (abs)        0080
reset_vec                                reset_vec    0000
stackhi                                  (abs)        0000
stacklo                                  (abs)        0000
start                                    init         0000
start_initialization                     cinit        07E8
ttemp                                    (abs)        007E
ttemp0                                   (abs)        007E
ttemp1                                   (abs)        0081
ttemp2                                   (abs)        0084
ttemp3                                   (abs)        0087
ttemp4                                   (abs)        007F
wtemp                                    (abs)        007E
wtemp0                                   (abs)        007E
wtemp1                                   (abs)        0080
wtemp2                                   (abs)        0082
wtemp3                                   (abs)        0084
wtemp4                                   (abs)        0086
wtemp5                                   (abs)        0088
wtemp6                                   (abs)        007F


FUNCTION INFORMATION:

 *************** function _main *****************
 Defined at:
		line 129 in file "ESP_PIC.c"
 Parameters:    Size  Location     Type
		None
 Auto vars:     Size  Location     Type
		None
 Return value:  Size  Location     Type
                  1    wreg      void 
 Registers used:
		wreg, fsr0l, fsr0h, status,2, status,0, btemp+1, pclath, cstack
 Tracked objects:
		On entry : 
		On exit  : 
		Unchanged: 
 Data sizes:     COMMON   BANK0   BANK1   BANK3   BANK2
      Params:         0       0       0       0       0
      Locals:         0       0       0       0       0
      Temps:          0       3       0       0       0
      Totals:         0       3       0       0       0
Total ram usage:        3 bytes
 Hardware stack levels required when called:    3
 This function calls:
		_Initialize_ESP8266
		_Lcd_Clear
		_Lcd_Print_String
		_Lcd_Set_Cursor
		_Lcd_Start
		_esp8266_config_softAP
		_esp8266_isStarted
		_esp8266_mode
 This function is called by:
		Startup code after reset
 This function uses a non-reentrant model


 *************** function _esp8266_mode *****************
 Defined at:
		line 257 in file "esp8266_functions.h"
 Parameters:    Size  Location     Type
  mode            1    wreg     unsigned char 
 Auto vars:     Size  Location     Type
  mode            1    4[COMMON] unsigned char 
 Return value:  Size  Location     Type
                  1    wreg      void 
 Registers used:
		wreg, fsr0l, fsr0h, status,2, status,0, btemp+1, pclath, cstack
 Tracked objects:
		On entry : 
		On exit  : 
		Unchanged: 
 Data sizes:     COMMON   BANK0   BANK1   BANK3   BANK2
      Params:         0       0       0       0       0
      Locals:         1       0       0       0       0
      Temps:          0       0       0       0       0
      Totals:         1       0       0       0       0
Total ram usage:        1 bytes
 Hardware stack levels used:    1
 Hardware stack levels required when called:    2
 This function calls:
		__esp8266_print
		__esp8266_putch
		__esp8266_waitResponse
 This function is called by:
		_main
 This function uses a non-reentrant model


 *************** function _esp8266_isStarted *****************
 Defined at:
		line 205 in file "esp8266_functions.h"
 Parameters:    Size  Location     Type
		None
 Auto vars:     Size  Location     Type
		None
 Return value:  Size  Location     Type
		None               void
 Registers used:
		wreg, fsr0l, fsr0h, status,2, status,0, btemp+1, pclath, cstack
 Tracked objects:
		On entry : 
		On exit  : 
		Unchanged: 
 Data sizes:     COMMON   BANK0   BANK1   BANK3   BANK2
      Params:         0       0       0       0       0
      Locals:         0       0       0       0       0
      Temps:          0       0       0       0       0
      Totals:         0       0       0       0       0
Total ram usage:        0 bytes
 Hardware stack levels used:    1
 Hardware stack levels required when called:    2
 This function calls:
		__esp8266_print
		__esp8266_waitResponse
 This function is called by:
		_main
 This function uses a non-reentrant model


 *************** function _esp8266_config_softAP *****************
 Defined at:
		line 163 in file "esp8266_functions.h"
 Parameters:    Size  Location     Type
  softssid        2    4[COMMON] PTR unsigned char 
		 -> STR_45(14), 
  softpass        2    6[COMMON] PTR unsigned char 
		 -> STR_46(10), 
 Auto vars:     Size  Location     Type
		None
 Return value:  Size  Location     Type
                  1    wreg      unsigned char 
 Registers used:
		wreg, fsr0l, fsr0h, status,2, status,0, btemp+1, pclath, cstack
 Tracked objects:
		On entry : 
		On exit  : 
		Unchanged: 
 Data sizes:     COMMON   BANK0   BANK1   BANK3   BANK2
      Params:         4       0       0       0       0
      Locals:         0       0       0       0       0
      Temps:          0       0       0       0       0
      Totals:         4       0       0       0       0
Total ram usage:        4 bytes
 Hardware stack levels used:    1
 Hardware stack levels required when called:    2
 This function calls:
		__esp8266_print
		__esp8266_waitResponse
 This function is called by:
		_main
 This function uses a non-reentrant model


 *************** function __esp8266_waitResponse *****************
 Defined at:
		line 477 in file "esp8266_functions.h"
 Parameters:    Size  Location     Type
		None
 Auto vars:     Size  Location     Type
  i               1   21[BANK0 ] unsigned char 
  strings        12    0[BANK0 ] PTR const unsigned char 
		 -> STR_39(7), STR_38(7), STR_37(10), STR_36(5), 
		 -> STR_35(6), STR_34(3), 
  so_far          6   12[BANK0 ] unsigned char [6]
  continue_loo    1   20[BANK0 ] unsigned char 
  response        1   19[BANK0 ] unsigned char 
  received        1   18[BANK0 ] unsigned char 
 Return value:  Size  Location     Type
                  1    wreg      unsigned char 
 Registers used:
		wreg, fsr0l, fsr0h, status,2, status,0, btemp+1, pclath, cstack
 Tracked objects:
		On entry : 
		On exit  : 
		Unchanged: 
 Data sizes:     COMMON   BANK0   BANK1   BANK3   BANK2
      Params:         0       0       0       0       0
      Locals:         0      22       0       0       0
      Temps:          4       0       0       0       0
      Totals:         4      22       0       0       0
Total ram usage:       26 bytes
 Hardware stack levels used:    1
 Hardware stack levels required when called:    1
 This function calls:
		__esp8266_getch
 This function is called by:
		_esp8266_config_softAP
		_esp8266_isStarted
		_esp8266_mode
		_esp8266_restart
		_esp8266_connect
		_esp8266_start
		_esp8266_send
 This function uses a non-reentrant model


 *************** function __esp8266_getch *****************
 Defined at:
		line 137 in file "esp8266_functions.h"
 Parameters:    Size  Location     Type
		None
 Auto vars:     Size  Location     Type
		None
 Return value:  Size  Location     Type
                  1    wreg      unsigned char 
 Registers used:
		wreg
 Tracked objects:
		On entry : 
		On exit  : 
		Unchanged: 
 Data sizes:     COMMON   BANK0   BANK1   BANK3   BANK2
      Params:         0       0       0       0       0
      Locals:         0       0       0       0       0
      Temps:          0       0       0       0       0
      Totals:         0       0       0       0       0
Total ram usage:        0 bytes
 Hardware stack levels used:    1
 This function calls:
		Nothing
 This function is called by:
		__esp8266_waitResponse
		_esp8266_get_stationIP
		_esp8266_ip
		_esp8266_send
		_esp8266_receive
		__esp8266_waitFor
 This function uses a non-reentrant model


 *************** function __esp8266_print *****************
 Defined at:
		line 427 in file "esp8266_functions.h"
 Parameters:    Size  Location     Type
  ptr             2    1[COMMON] PTR const unsigned char 
		 -> STR_46(10), STR_45(14), STR_30(3), STR_29(12), 
		 -> esp8266_send@length_str(6), STR_27(3), esp8266_start@port_str(5), STR_25(3), 
		 -> STR_24(4), STR_23(4), STR_22(4), STR_21(14), 
		 -> STR_19(11), STR_17(11), STR_16(4), STR_15(4), 
		 -> STR_14(11), STR_13(3), STR_12(11), STR_10(3), 
		 -> STR_9(4), STR_8(9), STR_7(5), STR_3(8), 
		 -> STR_2(4), STR_1(11), 
 Auto vars:     Size  Location     Type
		None
 Return value:  Size  Location     Type
                  1    wreg      void 
 Registers used:
		wreg, fsr0l, fsr0h, status,2, status,0, btemp+1, pclath, cstack
 Tracked objects:
		On entry : 
		On exit  : 
		Unchanged: 
 Data sizes:     COMMON   BANK0   BANK1   BANK3   BANK2
      Params:         2       0       0       0       0
      Locals:         0       0       0       0       0
      Temps:          0       0       0       0       0
      Totals:         2       0       0       0       0
Total ram usage:        2 bytes
 Hardware stack levels used:    1
 Hardware stack levels required when called:    1
 This function calls:
		__esp8266_putch
 This function is called by:
		_esp8266_config_softAP
		_esp8266_isStarted
		_esp8266_mode
		_esp8266_restart
		_esp8266_echoCmds
		_esp8266_connect
		_esp8266_disconnect
		_esp8266_ip
		_esp8266_start
		_esp8266_send
 This function uses a non-reentrant model


 *************** function __esp8266_putch *****************
 Defined at:
		line 129 in file "esp8266_functions.h"
 Parameters:    Size  Location     Type
  bt              1    wreg     unsigned char 
 Auto vars:     Size  Location     Type
  bt              1    0[COMMON] unsigned char 
 Return value:  Size  Location     Type
                  1    wreg      void 
 Registers used:
		wreg
 Tracked objects:
		On entry : 
		On exit  : 
		Unchanged: 
 Data sizes:     COMMON   BANK0   BANK1   BANK3   BANK2
      Params:         0       0       0       0       0
      Locals:         1       0       0       0       0
      Temps:          0       0       0       0       0
      Totals:         1       0       0       0       0
Total ram usage:        1 bytes
 Hardware stack levels used:    1
 This function calls:
		Nothing
 This function is called by:
		_esp8266_mode
		__esp8266_print
		_ESP8266_send_string
		_esp8266_echoCmds
 This function uses a non-reentrant model


 *************** function _Lcd_Start *****************
 Defined at:
		line 85 in file "ESP_PIC.c"
 Parameters:    Size  Location     Type
		None
 Auto vars:     Size  Location     Type
  i               2    6[COMMON] int 
 Return value:  Size  Location     Type
                  1    wreg      void 
 Registers used:
		wreg, status,2, status,0, btemp+1, pclath, cstack
 Tracked objects:
		On entry : 
		On exit  : 
		Unchanged: 
 Data sizes:     COMMON   BANK0   BANK1   BANK3   BANK2
      Params:         0       0       0       0       0
      Locals:         2       0       0       0       0
      Temps:          2       0       0       0       0
      Totals:         4       0       0       0       0
Total ram usage:        4 bytes
 Hardware stack levels used:    1
 Hardware stack levels required when called:    2
 This function calls:
		_Lcd_Cmd
		_Lcd_SetBit
 This function is called by:
		_main
 This function uses a non-reentrant model


 *************** function _Lcd_Set_Cursor *****************
 Defined at:
		line 64 in file "ESP_PIC.c"
 Parameters:    Size  Location     Type
  a               1    wreg     unsigned char 
  b               1    4[COMMON] unsigned char 
 Auto vars:     Size  Location     Type
  a               1    7[COMMON] unsigned char 
  temp            1   10[COMMON] unsigned char 
  y               1    9[COMMON] unsigned char 
  z               1    8[COMMON] unsigned char 
 Return value:  Size  Location     Type
                  1    wreg      void 
 Registers used:
		wreg, status,2, status,0, pclath, cstack
 Tracked objects:
		On entry : 
		On exit  : 
		Unchanged: 
 Data sizes:     COMMON   BANK0   BANK1   BANK3   BANK2
      Params:         1       0       0       0       0
      Locals:         4       0       0       0       0
      Temps:          2       0       0       0       0
      Totals:         7       0       0       0       0
Total ram usage:        7 bytes
 Hardware stack levels used:    1
 Hardware stack levels required when called:    2
 This function calls:
		_Lcd_Cmd
 This function is called by:
		_main
		_esp8266_get_stationIP
 This function uses a non-reentrant model


 *************** function _Lcd_Print_String *****************
 Defined at:
		line 119 in file "ESP_PIC.c"
 Parameters:    Size  Location     Type
  a               2    9[COMMON] PTR unsigned char 
		 -> STR_47(14), STR_44(14), STR_43(17), STR_42(14), 
		 -> STR_41(17), STR_40(15), STR_6(5), STR_5(4), 
 Auto vars:     Size  Location     Type
  i               2    0[BANK0 ] int 
 Return value:  Size  Location     Type
                  1    wreg      void 
 Registers used:
		wreg, fsr0l, fsr0h, status,2, status,0, btemp+1, pclath, cstack
 Tracked objects:
		On entry : 
		On exit  : 
		Unchanged: 
 Data sizes:     COMMON   BANK0   BANK1   BANK3   BANK2
      Params:         2       0       0       0       0
      Locals:         0       2       0       0       0
      Temps:          3       0       0       0       0
      Totals:         5       2       0       0       0
Total ram usage:        7 bytes
 Hardware stack levels used:    1
 Hardware stack levels required when called:    2
 This function calls:
		_Lcd_Print_Char
 This function is called by:
		_main
		_esp8266_get_stationIP
 This function uses a non-reentrant model


 *************** function _Lcd_Print_Char *****************
 Defined at:
		line 103 in file "ESP_PIC.c"
 Parameters:    Size  Location     Type
  data            1    wreg     unsigned char 
 Auto vars:     Size  Location     Type
  data            1    4[COMMON] unsigned char 
  i               2    7[COMMON] int 
  i               2    5[COMMON] int 
  Upper_Nibble    1    3[COMMON] unsigned char 
  Lower_Nibble    1    2[COMMON] unsigned char 
 Return value:  Size  Location     Type
                  1    wreg      void 
 Registers used:
		wreg, status,2, status,0, btemp+1, pclath, cstack
 Tracked objects:
		On entry : 
		On exit  : 
		Unchanged: 
 Data sizes:     COMMON   BANK0   BANK1   BANK3   BANK2
      Params:         0       0       0       0       0
      Locals:         7       0       0       0       0
      Temps:          1       0       0       0       0
      Totals:         8       0       0       0       0
Total ram usage:        8 bytes
 Hardware stack levels used:    1
 Hardware stack levels required when called:    1
 This function calls:
		_Lcd_SetBit
 This function is called by:
		_Lcd_Print_String
		_esp8266_get_stationIP
 This function uses a non-reentrant model


 *************** function _Lcd_Clear *****************
 Defined at:
		line 58 in file "ESP_PIC.c"
 Parameters:    Size  Location     Type
		None
 Auto vars:     Size  Location     Type
		None
 Return value:  Size  Location     Type
                  2  209[None  ] int 
 Registers used:
		wreg, status,2, status,0, pclath, cstack
 Tracked objects:
		On entry : 
		On exit  : 
		Unchanged: 
 Data sizes:     COMMON   BANK0   BANK1   BANK3   BANK2
      Params:         0       0       0       0       0
      Locals:         0       0       0       0       0
      Temps:          0       0       0       0       0
      Totals:         0       0       0       0       0
Total ram usage:        0 bytes
 Hardware stack levels used:    1
 Hardware stack levels required when called:    2
 This function calls:
		_Lcd_Cmd
 This function is called by:
		_main
 This function uses a non-reentrant model


 *************** function _Lcd_Cmd *****************
 Defined at:
		line 49 in file "ESP_PIC.c"
 Parameters:    Size  Location     Type
  a               1    wreg     unsigned char 
 Auto vars:     Size  Location     Type
  a               1    3[COMMON] unsigned char 
 Return value:  Size  Location     Type
                  1    wreg      void 
 Registers used:
		wreg, status,2, status,0, pclath, cstack
 Tracked objects:
		On entry : 
		On exit  : 
		Unchanged: 
 Data sizes:     COMMON   BANK0   BANK1   BANK3   BANK2
      Params:         0       0       0       0       0
      Locals:         1       0       0       0       0
      Temps:          2       0       0       0       0
      Totals:         3       0       0       0       0
Total ram usage:        3 bytes
 Hardware stack levels used:    1
 Hardware stack levels required when called:    1
 This function calls:
		_Lcd_SetBit
 This function is called by:
		_Lcd_Clear
		_Lcd_Set_Cursor
		_Lcd_Start
 This function uses a non-reentrant model


 *************** function _Lcd_SetBit *****************
 Defined at:
		line 26 in file "ESP_PIC.c"
 Parameters:    Size  Location     Type
  data_bit        1    wreg     unsigned char 
 Auto vars:     Size  Location     Type
  data_bit        1    0[COMMON] unsigned char 
 Return value:  Size  Location     Type
                  1    wreg      void 
 Registers used:
		wreg
 Tracked objects:
		On entry : 
		On exit  : 
		Unchanged: 
 Data sizes:     COMMON   BANK0   BANK1   BANK3   BANK2
      Params:         0       0       0       0       0
      Locals:         1       0       0       0       0
      Temps:          0       0       0       0       0
      Totals:         1       0       0       0       0
Total ram usage:        1 bytes
 Hardware stack levels used:    1
 This function calls:
		Nothing
 This function is called by:
		_Lcd_Cmd
		_Lcd_Start
		_Lcd_Print_Char
 This function uses a non-reentrant model


 *************** function _Initialize_ESP8266 *****************
 Defined at:
		line 99 in file "esp8266_functions.h"
 Parameters:    Size  Location     Type
		None
 Auto vars:     Size  Location     Type
		None
 Return value:  Size  Location     Type
                  1    wreg      void 
 Registers used:
		wreg
 Tracked objects:
		On entry : 
		On exit  : 
		Unchanged: 
 Data sizes:     COMMON   BANK0   BANK1   BANK3   BANK2
      Params:         0       0       0       0       0
      Locals:         0       0       0       0       0
      Temps:          0       0       0       0       0
      Totals:         0       0       0       0       0
Total ram usage:        0 bytes
 Hardware stack levels used:    1
 This function calls:
		Nothing
 This function is called by:
		_main
 This function uses a non-reentrant model



MODULE INFORMATION

Module		Function		Class		Link	Load	Size
ESP_PIC.c
		_main          		CODE           	070F	0000	218
		_Lcd_Cmd       		CODE           	047D	0000	27
		_Lcd_SetBit    		CODE           	0463	0000	27
		_Lcd_Start     		CODE           	0605	0000	117
		_Lcd_Set_Cursor		CODE           	054A	0000	75
		_Lcd_Clear     		CODE           	040E	0000	12
		_Lcd_Print_String		CODE           	0509	0000	66
		_Lcd_Print_Char		CODE           	0594	0000	114

ESP_PIC.c estimated size: 656

shared
		__esp8266_waitResponse@lengths		STRCODE        	081C	0000	7
		__stringtab    		STRCODE        	0800	0000	19
		_dpowers       		STRCODE        	0812	0000	11
		__initialization		CODE           	07E8	0000	21
		__esp8266_waitResponse@responses		STRCODE        	0822	0000	7

shared estimated size: 65

esp8266_functions.h
		__esp8266_getch		CODE           	0404	0000	11
		__esp8266_putch		CODE           	03F4	0000	9
		__esp8266_print		CODE           	04B5	0000	36
		_esp8266_config_softAP		CODE           	04D8	0000	50
		__esp8266_waitResponse		CODE           	0679	0000	151
		_esp8266_mode  		CODE           	0497	0000	31
		_esp8266_isStarted		CODE           	0436	0000	22
		_Initialize_ESP8266		CODE           	044B	0000	25

esp8266_functions.h estimated size: 335

